// Jest Snapshot v1, https://goo.gl/fbAQLP

exports[`should be able to render chat 1`] = `
<div
  className="ChatMessage-chatMessageList-4"
>
  <svg
    aria-hidden={true}
    className="MuiSvgIcon-root ChatMessage-personIcon-1"
    focusable="false"
    viewBox="0 0 24 24"
  >
    <path
      d="M12 12c2.21 0 4-1.79 4-4s-1.79-4-4-4-4 1.79-4 4 1.79 4 4 4zm0 2c-2.67 0-8 1.34-8 4v2h16v-2c0-2.66-5.33-4-8-4z"
    />
  </svg>
  <div
    className="ChatMessage-nameDiv-2"
  >
    testUser
  </div>
  <div
    className="ChatMessage-textDiv-3"
  >
    some message
  </div>
</div>
`;
