// Jest Snapshot v1, https://goo.gl/fbAQLP

exports[`should be able to render people 1`] = `
<div
  className="Person-personDiv-4"
>
  <svg
    aria-hidden={true}
    className="MuiSvgIcon-root Person-personIcon-1"
    focusable="false"
    viewBox="0 0 24 24"
  >
    <path
      d="M12 12c2.21 0 4-1.79 4-4s-1.79-4-4-4-4 1.79-4 4 1.79 4 4 4zm0 2c-2.67 0-8 1.34-8 4v2h16v-2c0-2.66-5.33-4-8-4z"
    />
  </svg>
  <div
    className="Person-nameDiv-2"
  >
    testUser
  </div>
  <svg
    aria-hidden={true}
    className="MuiSvgIcon-root Person-addIcon-5"
    focusable="false"
    viewBox="0 0 24 24"
  >
    <path
      d="M19 13h-6v6h-2v-6H5v-2h6V5h2v6h6v2z"
    />
  </svg>
  <div
    className="Person-currentSongDiv-3"
  >
    song name
     - 
    testArtist
  </div>
</div>
`;
